  Geri y+-klenecek projeler belirleniyor...
  Geri y+-kleme i+ðin t+-m projeler g+-ncel.
C:\Users\VAH¦-T\KesifUygulamasi\Pages\LocationsPage.xaml(8,40): XamlC error XC0002: EventHandler "OnAddLocationClicked" with correct signature not found in type "KesifUygulamasi.Pages.LocationsPage". [C:\Users\VAH¦-T\KesifUygulamasi\KesifUygulamasi.csproj::TargetFramework=net9.0-android]
CSC : error CS5001: Program, giri+þ noktas¦- i+ðin uygun bir statik 'Main' y+Ântemi i+ðermiyor [C:\Users\VAH¦-T\KesifUygulamasi\KesifUygulamasi.csproj::TargetFramework=net9.0-maccatalyst]
C:\Users\VAH¦-T\KesifUygulamasi\App.xaml.cs(12,13): warning CS0618: 'Application.MainPage.set' art¦-k kullan¦-lm¦-yor: 'This property is deprecated. Initialize your application by overriding Application.CreateWindow rather than setting MainPage. To modify the root page in an active application, use Windows[0].Page for applications with a single window. For applications with multiple windows, use Application.Windows to identify and update the root page on the correct window.  Additionally, each element features a Window property, accessible when it's part of the current window.' [C:\Users\VAH¦-T\KesifUygulamasi\KesifUygulamasi.csproj::TargetFramework=net9.0-maccatalyst]
C:\Users\VAH¦-T\KesifUygulamasi\Services\LocationService.cs(19,24): warning CS8603: Olas¦- null ba+þvuru d+Ân+-+þ+-. [C:\Users\VAH¦-T\KesifUygulamasi\KesifUygulamasi.csproj::TargetFramework=net9.0-maccatalyst]
C:\Users\VAH¦-T\KesifUygulamasi\Services\LocationService.cs(24,24): warning CS8603: Olas¦- null ba+þvuru d+Ân+-+þ+-. [C:\Users\VAH¦-T\KesifUygulamasi\KesifUygulamasi.csproj::TargetFramework=net9.0-maccatalyst]
C:\Users\VAH¦-T\KesifUygulamasi\Services\DatabaseService.cs(33,16): warning CS8619: 'Task<LocationModel>' t+-r+-ndeki de¦þerdeki ba+þvuru t+-rlerinin bo+þ de¦þer atanabilirli¦þi 'Task<LocationModel?>' hedef t+-r+- ile e+þle+þmiyor. [C:\Users\VAH¦-T\KesifUygulamasi\KesifUygulamasi.csproj::TargetFramework=net9.0-maccatalyst]
C:\Users\VAH¦-T\KesifUygulamasi\Pages\MapPage.xaml.cs(32,37): warning CS8622: Muhtemelen null atanabilirlik +Âznitelikleri nedeniyle, 'sender' parametresinin 'void MapPage.OnAddPinClicked(object sender, EventArgs e)' t+-r+-ndeki ba+þvuru t+-rlerinin null atanabilirli¦þi 'EventHandler' hedef temsilcisiyle e+þle+þmiyor. [C:\Users\VAH¦-T\KesifUygulamasi\KesifUygulamasi.csproj::TargetFramework=net9.0-maccatalyst]
C:\Users\VAH¦-T\KesifUygulamasi\Pages\MapPage.xaml.cs(33,35): warning CS8622: Muhtemelen null atanabilirlik +Âznitelikleri nedeniyle, 'sender' parametresinin 'void MapPage.OnSaveClicked(object sender, EventArgs e)' t+-r+-ndeki ba+þvuru t+-rlerinin null atanabilirli¦þi 'EventHandler' hedef temsilcisiyle e+þle+þmiyor. [C:\Users\VAH¦-T\KesifUygulamasi\KesifUygulamasi.csproj::TargetFramework=net9.0-maccatalyst]
CSC : error CS5001: Program, giri+þ noktas¦- i+ðin uygun bir statik 'Main' y+Ântemi i+ðermiyor [C:\Users\VAH¦-T\KesifUygulamasi\KesifUygulamasi.csproj::TargetFramework=net9.0-ios]
C:\Users\VAH¦-T\KesifUygulamasi\App.xaml.cs(12,13): warning CS0618: 'Application.MainPage.set' art¦-k kullan¦-lm¦-yor: 'This property is deprecated. Initialize your application by overriding Application.CreateWindow rather than setting MainPage. To modify the root page in an active application, use Windows[0].Page for applications with a single window. For applications with multiple windows, use Application.Windows to identify and update the root page on the correct window.  Additionally, each element features a Window property, accessible when it's part of the current window.' [C:\Users\VAH¦-T\KesifUygulamasi\KesifUygulamasi.csproj::TargetFramework=net9.0-ios]
C:\Users\VAH¦-T\KesifUygulamasi\Services\LocationService.cs(19,24): warning CS8603: Olas¦- null ba+þvuru d+Ân+-+þ+-. [C:\Users\VAH¦-T\KesifUygulamasi\KesifUygulamasi.csproj::TargetFramework=net9.0-ios]
C:\Users\VAH¦-T\KesifUygulamasi\Services\LocationService.cs(24,24): warning CS8603: Olas¦- null ba+þvuru d+Ân+-+þ+-. [C:\Users\VAH¦-T\KesifUygulamasi\KesifUygulamasi.csproj::TargetFramework=net9.0-ios]
C:\Users\VAH¦-T\KesifUygulamasi\Services\DatabaseService.cs(33,16): warning CS8619: 'Task<LocationModel>' t+-r+-ndeki de¦þerdeki ba+þvuru t+-rlerinin bo+þ de¦þer atanabilirli¦þi 'Task<LocationModel?>' hedef t+-r+- ile e+þle+þmiyor. [C:\Users\VAH¦-T\KesifUygulamasi\KesifUygulamasi.csproj::TargetFramework=net9.0-ios]
C:\Users\VAH¦-T\KesifUygulamasi\Pages\MapPage.xaml.cs(32,37): warning CS8622: Muhtemelen null atanabilirlik +Âznitelikleri nedeniyle, 'sender' parametresinin 'void MapPage.OnAddPinClicked(object sender, EventArgs e)' t+-r+-ndeki ba+þvuru t+-rlerinin null atanabilirli¦þi 'EventHandler' hedef temsilcisiyle e+þle+þmiyor. [C:\Users\VAH¦-T\KesifUygulamasi\KesifUygulamasi.csproj::TargetFramework=net9.0-ios]
C:\Users\VAH¦-T\KesifUygulamasi\Pages\MapPage.xaml.cs(33,35): warning CS8622: Muhtemelen null atanabilirlik +Âznitelikleri nedeniyle, 'sender' parametresinin 'void MapPage.OnSaveClicked(object sender, EventArgs e)' t+-r+-ndeki ba+þvuru t+-rlerinin null atanabilirli¦þi 'EventHandler' hedef temsilcisiyle e+þle+þmiyor. [C:\Users\VAH¦-T\KesifUygulamasi\KesifUygulamasi.csproj::TargetFramework=net9.0-ios]
C:\Users\VAH¦-T\KesifUygulamasi\App.xaml.cs(12,13): warning CS0618: 'Application.MainPage.set' art¦-k kullan¦-lm¦-yor: 'This property is deprecated. Initialize your application by overriding Application.CreateWindow rather than setting MainPage. To modify the root page in an active application, use Windows[0].Page for applications with a single window. For applications with multiple windows, use Application.Windows to identify and update the root page on the correct window.  Additionally, each element features a Window property, accessible when it's part of the current window.' [C:\Users\VAH¦-T\KesifUygulamasi\KesifUygulamasi.csproj::TargetFramework=net9.0-windows10.0.19041.0]
C:\Users\VAH¦-T\KesifUygulamasi\Services\LocationService.cs(19,24): warning CS8603: Olas¦- null ba+þvuru d+Ân+-+þ+-. [C:\Users\VAH¦-T\KesifUygulamasi\KesifUygulamasi.csproj::TargetFramework=net9.0-windows10.0.19041.0]
C:\Users\VAH¦-T\KesifUygulamasi\Services\LocationService.cs(24,24): warning CS8603: Olas¦- null ba+þvuru d+Ân+-+þ+-. [C:\Users\VAH¦-T\KesifUygulamasi\KesifUygulamasi.csproj::TargetFramework=net9.0-windows10.0.19041.0]
C:\Users\VAH¦-T\KesifUygulamasi\Pages\MapPage.xaml.cs(32,37): warning CS8622: Muhtemelen null atanabilirlik +Âznitelikleri nedeniyle, 'sender' parametresinin 'void MapPage.OnAddPinClicked(object sender, EventArgs e)' t+-r+-ndeki ba+þvuru t+-rlerinin null atanabilirli¦þi 'EventHandler' hedef temsilcisiyle e+þle+þmiyor. [C:\Users\VAH¦-T\KesifUygulamasi\KesifUygulamasi.csproj::TargetFramework=net9.0-windows10.0.19041.0]
C:\Users\VAH¦-T\KesifUygulamasi\Pages\MapPage.xaml.cs(33,35): warning CS8622: Muhtemelen null atanabilirlik +Âznitelikleri nedeniyle, 'sender' parametresinin 'void MapPage.OnSaveClicked(object sender, EventArgs e)' t+-r+-ndeki ba+þvuru t+-rlerinin null atanabilirli¦þi 'EventHandler' hedef temsilcisiyle e+þle+þmiyor. [C:\Users\VAH¦-T\KesifUygulamasi\KesifUygulamasi.csproj::TargetFramework=net9.0-windows10.0.19041.0]
C:\Users\VAH¦-T\KesifUygulamasi\Services\DatabaseService.cs(33,16): warning CS8619: 'Task<LocationModel>' t+-r+-ndeki de¦þerdeki ba+þvuru t+-rlerinin bo+þ de¦þer atanabilirli¦þi 'Task<LocationModel?>' hedef t+-r+- ile e+þle+þmiyor. [C:\Users\VAH¦-T\KesifUygulamasi\KesifUygulamasi.csproj::TargetFramework=net9.0-windows10.0.19041.0]
C:\Users\VAH¦-T\KesifUygulamasi\Pages\LocationsPage.xaml(8,40): XamlC error XC0002: EventHandler "OnAddLocationClicked" with correct signature not found in type "KesifUygulamasi.Pages.LocationsPage". [C:\Users\VAH¦-T\KesifUygulamasi\KesifUygulamasi.csproj::TargetFramework=net9.0-windows10.0.19041.0]

Olu+þturma BA+ÞARISIZ OLDU.

C:\Users\VAH¦-T\KesifUygulamasi\App.xaml.cs(12,13): warning CS0618: 'Application.MainPage.set' art¦-k kullan¦-lm¦-yor: 'This property is deprecated. Initialize your application by overriding Application.CreateWindow rather than setting MainPage. To modify the root page in an active application, use Windows[0].Page for applications with a single window. For applications with multiple windows, use Application.Windows to identify and update the root page on the correct window.  Additionally, each element features a Window property, accessible when it's part of the current window.' [C:\Users\VAH¦-T\KesifUygulamasi\KesifUygulamasi.csproj::TargetFramework=net9.0-maccatalyst]
C:\Users\VAH¦-T\KesifUygulamasi\Services\LocationService.cs(19,24): warning CS8603: Olas¦- null ba+þvuru d+Ân+-+þ+-. [C:\Users\VAH¦-T\KesifUygulamasi\KesifUygulamasi.csproj::TargetFramework=net9.0-maccatalyst]
C:\Users\VAH¦-T\KesifUygulamasi\Services\LocationService.cs(24,24): warning CS8603: Olas¦- null ba+þvuru d+Ân+-+þ+-. [C:\Users\VAH¦-T\KesifUygulamasi\KesifUygulamasi.csproj::TargetFramework=net9.0-maccatalyst]
C:\Users\VAH¦-T\KesifUygulamasi\Services\DatabaseService.cs(33,16): warning CS8619: 'Task<LocationModel>' t+-r+-ndeki de¦þerdeki ba+þvuru t+-rlerinin bo+þ de¦þer atanabilirli¦þi 'Task<LocationModel?>' hedef t+-r+- ile e+þle+þmiyor. [C:\Users\VAH¦-T\KesifUygulamasi\KesifUygulamasi.csproj::TargetFramework=net9.0-maccatalyst]
C:\Users\VAH¦-T\KesifUygulamasi\Pages\MapPage.xaml.cs(32,37): warning CS8622: Muhtemelen null atanabilirlik +Âznitelikleri nedeniyle, 'sender' parametresinin 'void MapPage.OnAddPinClicked(object sender, EventArgs e)' t+-r+-ndeki ba+þvuru t+-rlerinin null atanabilirli¦þi 'EventHandler' hedef temsilcisiyle e+þle+þmiyor. [C:\Users\VAH¦-T\KesifUygulamasi\KesifUygulamasi.csproj::TargetFramework=net9.0-maccatalyst]
C:\Users\VAH¦-T\KesifUygulamasi\Pages\MapPage.xaml.cs(33,35): warning CS8622: Muhtemelen null atanabilirlik +Âznitelikleri nedeniyle, 'sender' parametresinin 'void MapPage.OnSaveClicked(object sender, EventArgs e)' t+-r+-ndeki ba+þvuru t+-rlerinin null atanabilirli¦þi 'EventHandler' hedef temsilcisiyle e+þle+þmiyor. [C:\Users\VAH¦-T\KesifUygulamasi\KesifUygulamasi.csproj::TargetFramework=net9.0-maccatalyst]
C:\Users\VAH¦-T\KesifUygulamasi\App.xaml.cs(12,13): warning CS0618: 'Application.MainPage.set' art¦-k kullan¦-lm¦-yor: 'This property is deprecated. Initialize your application by overriding Application.CreateWindow rather than setting MainPage. To modify the root page in an active application, use Windows[0].Page for applications with a single window. For applications with multiple windows, use Application.Windows to identify and update the root page on the correct window.  Additionally, each element features a Window property, accessible when it's part of the current window.' [C:\Users\VAH¦-T\KesifUygulamasi\KesifUygulamasi.csproj::TargetFramework=net9.0-ios]
C:\Users\VAH¦-T\KesifUygulamasi\Services\LocationService.cs(19,24): warning CS8603: Olas¦- null ba+þvuru d+Ân+-+þ+-. [C:\Users\VAH¦-T\KesifUygulamasi\KesifUygulamasi.csproj::TargetFramework=net9.0-ios]
C:\Users\VAH¦-T\KesifUygulamasi\Services\LocationService.cs(24,24): warning CS8603: Olas¦- null ba+þvuru d+Ân+-+þ+-. [C:\Users\VAH¦-T\KesifUygulamasi\KesifUygulamasi.csproj::TargetFramework=net9.0-ios]
C:\Users\VAH¦-T\KesifUygulamasi\Services\DatabaseService.cs(33,16): warning CS8619: 'Task<LocationModel>' t+-r+-ndeki de¦þerdeki ba+þvuru t+-rlerinin bo+þ de¦þer atanabilirli¦þi 'Task<LocationModel?>' hedef t+-r+- ile e+þle+þmiyor. [C:\Users\VAH¦-T\KesifUygulamasi\KesifUygulamasi.csproj::TargetFramework=net9.0-ios]
C:\Users\VAH¦-T\KesifUygulamasi\Pages\MapPage.xaml.cs(32,37): warning CS8622: Muhtemelen null atanabilirlik +Âznitelikleri nedeniyle, 'sender' parametresinin 'void MapPage.OnAddPinClicked(object sender, EventArgs e)' t+-r+-ndeki ba+þvuru t+-rlerinin null atanabilirli¦þi 'EventHandler' hedef temsilcisiyle e+þle+þmiyor. [C:\Users\VAH¦-T\KesifUygulamasi\KesifUygulamasi.csproj::TargetFramework=net9.0-ios]
C:\Users\VAH¦-T\KesifUygulamasi\Pages\MapPage.xaml.cs(33,35): warning CS8622: Muhtemelen null atanabilirlik +Âznitelikleri nedeniyle, 'sender' parametresinin 'void MapPage.OnSaveClicked(object sender, EventArgs e)' t+-r+-ndeki ba+þvuru t+-rlerinin null atanabilirli¦þi 'EventHandler' hedef temsilcisiyle e+þle+þmiyor. [C:\Users\VAH¦-T\KesifUygulamasi\KesifUygulamasi.csproj::TargetFramework=net9.0-ios]
C:\Users\VAH¦-T\KesifUygulamasi\App.xaml.cs(12,13): warning CS0618: 'Application.MainPage.set' art¦-k kullan¦-lm¦-yor: 'This property is deprecated. Initialize your application by overriding Application.CreateWindow rather than setting MainPage. To modify the root page in an active application, use Windows[0].Page for applications with a single window. For applications with multiple windows, use Application.Windows to identify and update the root page on the correct window.  Additionally, each element features a Window property, accessible when it's part of the current window.' [C:\Users\VAH¦-T\KesifUygulamasi\KesifUygulamasi.csproj::TargetFramework=net9.0-windows10.0.19041.0]
C:\Users\VAH¦-T\KesifUygulamasi\Services\LocationService.cs(19,24): warning CS8603: Olas¦- null ba+þvuru d+Ân+-+þ+-. [C:\Users\VAH¦-T\KesifUygulamasi\KesifUygulamasi.csproj::TargetFramework=net9.0-windows10.0.19041.0]
C:\Users\VAH¦-T\KesifUygulamasi\Services\LocationService.cs(24,24): warning CS8603: Olas¦- null ba+þvuru d+Ân+-+þ+-. [C:\Users\VAH¦-T\KesifUygulamasi\KesifUygulamasi.csproj::TargetFramework=net9.0-windows10.0.19041.0]
C:\Users\VAH¦-T\KesifUygulamasi\Pages\MapPage.xaml.cs(32,37): warning CS8622: Muhtemelen null atanabilirlik +Âznitelikleri nedeniyle, 'sender' parametresinin 'void MapPage.OnAddPinClicked(object sender, EventArgs e)' t+-r+-ndeki ba+þvuru t+-rlerinin null atanabilirli¦þi 'EventHandler' hedef temsilcisiyle e+þle+þmiyor. [C:\Users\VAH¦-T\KesifUygulamasi\KesifUygulamasi.csproj::TargetFramework=net9.0-windows10.0.19041.0]
C:\Users\VAH¦-T\KesifUygulamasi\Pages\MapPage.xaml.cs(33,35): warning CS8622: Muhtemelen null atanabilirlik +Âznitelikleri nedeniyle, 'sender' parametresinin 'void MapPage.OnSaveClicked(object sender, EventArgs e)' t+-r+-ndeki ba+þvuru t+-rlerinin null atanabilirli¦þi 'EventHandler' hedef temsilcisiyle e+þle+þmiyor. [C:\Users\VAH¦-T\KesifUygulamasi\KesifUygulamasi.csproj::TargetFramework=net9.0-windows10.0.19041.0]
C:\Users\VAH¦-T\KesifUygulamasi\Services\DatabaseService.cs(33,16): warning CS8619: 'Task<LocationModel>' t+-r+-ndeki de¦þerdeki ba+þvuru t+-rlerinin bo+þ de¦þer atanabilirli¦þi 'Task<LocationModel?>' hedef t+-r+- ile e+þle+þmiyor. [C:\Users\VAH¦-T\KesifUygulamasi\KesifUygulamasi.csproj::TargetFramework=net9.0-windows10.0.19041.0]
C:\Users\VAH¦-T\KesifUygulamasi\Pages\LocationsPage.xaml(8,40): XamlC error XC0002: EventHandler "OnAddLocationClicked" with correct signature not found in type "KesifUygulamasi.Pages.LocationsPage". [C:\Users\VAH¦-T\KesifUygulamasi\KesifUygulamasi.csproj::TargetFramework=net9.0-android]
CSC : error CS5001: Program, giri+þ noktas¦- i+ðin uygun bir statik 'Main' y+Ântemi i+ðermiyor [C:\Users\VAH¦-T\KesifUygulamasi\KesifUygulamasi.csproj::TargetFramework=net9.0-maccatalyst]
CSC : error CS5001: Program, giri+þ noktas¦- i+ðin uygun bir statik 'Main' y+Ântemi i+ðermiyor [C:\Users\VAH¦-T\KesifUygulamasi\KesifUygulamasi.csproj::TargetFramework=net9.0-ios]
C:\Users\VAH¦-T\KesifUygulamasi\Pages\LocationsPage.xaml(8,40): XamlC error XC0002: EventHandler "OnAddLocationClicked" with correct signature not found in type "KesifUygulamasi.Pages.LocationsPage". [C:\Users\VAH¦-T\KesifUygulamasi\KesifUygulamasi.csproj::TargetFramework=net9.0-windows10.0.19041.0]
    18 Uyar¦-
    4 Hata

Ge+ðen S+-re 00:00:07.65

¦-+þ y+-k+- g+-ncelle+þtirmeleri var. Daha fazla bilgi i+ðin `dotnet workload list` +ðal¦-+þt¦-r¦-n.
